Archive member included to satisfy reference by file (symbol)

/home/me/Ac6/SystemWorkbench/plugins/fr.ac6.mcu.externaltools.arm-none.linux64_1.16.0.201807130628/tools/compiler/bin/../lib/gcc/arm-none-eabi/7.2.1/thumb/v6-m/libgcc.a(_udivsi3.o)
                              HAL_Driver/Src/stm32f0xx_hal.o (__aeabi_uidiv)
/home/me/Ac6/SystemWorkbench/plugins/fr.ac6.mcu.externaltools.arm-none.linux64_1.16.0.201807130628/tools/compiler/bin/../lib/gcc/arm-none-eabi/7.2.1/thumb/v6-m/libgcc.a(_dvmd_tls.o)
                              /home/me/Ac6/SystemWorkbench/plugins/fr.ac6.mcu.externaltools.arm-none.linux64_1.16.0.201807130628/tools/compiler/bin/../lib/gcc/arm-none-eabi/7.2.1/thumb/v6-m/libgcc.a(_udivsi3.o) (__aeabi_idiv0)
/home/me/Ac6/SystemWorkbench/plugins/fr.ac6.mcu.externaltools.arm-none.linux64_1.16.0.201807130628/tools/compiler/bin/../lib/gcc/arm-none-eabi/7.2.1/../../../../arm-none-eabi/lib/thumb/v6-m/libc.a(lib_a-errno.o)
                              src/syscalls.o (__errno)
/home/me/Ac6/SystemWorkbench/plugins/fr.ac6.mcu.externaltools.arm-none.linux64_1.16.0.201807130628/tools/compiler/bin/../lib/gcc/arm-none-eabi/7.2.1/../../../../arm-none-eabi/lib/thumb/v6-m/libc.a(lib_a-exit.o)
                              /home/me/Ac6/SystemWorkbench/plugins/fr.ac6.mcu.externaltools.arm-none.linux64_1.16.0.201807130628/tools/compiler/bin/../lib/gcc/arm-none-eabi/7.2.1/../../../../arm-none-eabi/lib/thumb/v6-m/crt0.o (exit)
/home/me/Ac6/SystemWorkbench/plugins/fr.ac6.mcu.externaltools.arm-none.linux64_1.16.0.201807130628/tools/compiler/bin/../lib/gcc/arm-none-eabi/7.2.1/../../../../arm-none-eabi/lib/thumb/v6-m/libc.a(lib_a-impure.o)
                              /home/me/Ac6/SystemWorkbench/plugins/fr.ac6.mcu.externaltools.arm-none.linux64_1.16.0.201807130628/tools/compiler/bin/../lib/gcc/arm-none-eabi/7.2.1/../../../../arm-none-eabi/lib/thumb/v6-m/libc.a(lib_a-exit.o) (_global_impure_ptr)
/home/me/Ac6/SystemWorkbench/plugins/fr.ac6.mcu.externaltools.arm-none.linux64_1.16.0.201807130628/tools/compiler/bin/../lib/gcc/arm-none-eabi/7.2.1/../../../../arm-none-eabi/lib/thumb/v6-m/libc.a(lib_a-init.o)
                              /home/me/Ac6/SystemWorkbench/plugins/fr.ac6.mcu.externaltools.arm-none.linux64_1.16.0.201807130628/tools/compiler/bin/../lib/gcc/arm-none-eabi/7.2.1/../../../../arm-none-eabi/lib/thumb/v6-m/crt0.o (__libc_init_array)
/home/me/Ac6/SystemWorkbench/plugins/fr.ac6.mcu.externaltools.arm-none.linux64_1.16.0.201807130628/tools/compiler/bin/../lib/gcc/arm-none-eabi/7.2.1/../../../../arm-none-eabi/lib/thumb/v6-m/libc.a(lib_a-memset.o)
                              /home/me/Ac6/SystemWorkbench/plugins/fr.ac6.mcu.externaltools.arm-none.linux64_1.16.0.201807130628/tools/compiler/bin/../lib/gcc/arm-none-eabi/7.2.1/../../../../arm-none-eabi/lib/thumb/v6-m/crt0.o (memset)
/home/me/Ac6/SystemWorkbench/plugins/fr.ac6.mcu.externaltools.arm-none.linux64_1.16.0.201807130628/tools/compiler/bin/../lib/gcc/arm-none-eabi/7.2.1/../../../../arm-none-eabi/lib/thumb/v6-m/libc.a(lib_a-__call_atexit.o)
                              /home/me/Ac6/SystemWorkbench/plugins/fr.ac6.mcu.externaltools.arm-none.linux64_1.16.0.201807130628/tools/compiler/bin/../lib/gcc/arm-none-eabi/7.2.1/../../../../arm-none-eabi/lib/thumb/v6-m/libc.a(lib_a-exit.o) (__call_exitprocs)
/home/me/Ac6/SystemWorkbench/plugins/fr.ac6.mcu.externaltools.arm-none.linux64_1.16.0.201807130628/tools/compiler/bin/../lib/gcc/arm-none-eabi/7.2.1/../../../../arm-none-eabi/lib/thumb/v6-m/libc.a(lib_a-atexit.o)
                              /home/me/Ac6/SystemWorkbench/plugins/fr.ac6.mcu.externaltools.arm-none.linux64_1.16.0.201807130628/tools/compiler/bin/../lib/gcc/arm-none-eabi/7.2.1/../../../../arm-none-eabi/lib/thumb/v6-m/libc.a(lib_a-__call_atexit.o) (atexit)
/home/me/Ac6/SystemWorkbench/plugins/fr.ac6.mcu.externaltools.arm-none.linux64_1.16.0.201807130628/tools/compiler/bin/../lib/gcc/arm-none-eabi/7.2.1/../../../../arm-none-eabi/lib/thumb/v6-m/libc.a(lib_a-fini.o)
                              /home/me/Ac6/SystemWorkbench/plugins/fr.ac6.mcu.externaltools.arm-none.linux64_1.16.0.201807130628/tools/compiler/bin/../lib/gcc/arm-none-eabi/7.2.1/../../../../arm-none-eabi/lib/thumb/v6-m/libc.a(lib_a-__call_atexit.o) (__libc_fini_array)
/home/me/Ac6/SystemWorkbench/plugins/fr.ac6.mcu.externaltools.arm-none.linux64_1.16.0.201807130628/tools/compiler/bin/../lib/gcc/arm-none-eabi/7.2.1/../../../../arm-none-eabi/lib/thumb/v6-m/libc.a(lib_a-lock.o)
                              /home/me/Ac6/SystemWorkbench/plugins/fr.ac6.mcu.externaltools.arm-none.linux64_1.16.0.201807130628/tools/compiler/bin/../lib/gcc/arm-none-eabi/7.2.1/../../../../arm-none-eabi/lib/thumb/v6-m/libc.a(lib_a-__call_atexit.o) (__retarget_lock_acquire_recursive)
/home/me/Ac6/SystemWorkbench/plugins/fr.ac6.mcu.externaltools.arm-none.linux64_1.16.0.201807130628/tools/compiler/bin/../lib/gcc/arm-none-eabi/7.2.1/../../../../arm-none-eabi/lib/thumb/v6-m/libc.a(lib_a-__atexit.o)
[...]
Memory Configuration

Name             Origin             Length             Attributes
RAM              0x0000000020000000 0x0000000000001000 xrw
ROM              0x0000000008000000 0x0000000000004000 xr
*default*        0x0000000000000000 0xffffffffffffffff

Linker script and memory map

LOAD /home/me/Ac6/SystemWorkbench/plugins/fr.ac6.mcu.externaltools.arm-none.linux64_1.16.0.201807130628/tools/compiler/bin/../lib/gcc/arm-none-eabi/7.2.1/thumb/v6-m/crti.o
LOAD /home/me/Ac6/SystemWorkbench/plugins/fr.ac6.mcu.externaltools.arm-none.linux64_1.16.0.201807130628/tools/compiler/bin/../lib/gcc/arm-none-eabi/7.2.1/thumb/v6-m/crtbegin.o
LOAD /home/me/Ac6/SystemWorkbench/plugins/fr.ac6.mcu.externaltools.arm-none.linux64_1.16.0.201807130628/tools/compiler/bin/../lib/gcc/arm-none-eabi/7.2.1/../../../../arm-none-eabi/lib/thumb/v6-m/crt0.o
LOAD HAL_Driver/Src/stm32f0xx_hal.o
LOAD HAL_Driver/Src/stm32f0xx_hal_adc.o
LOAD HAL_Driver/Src/stm32f0xx_hal_adc_ex.o
LOAD HAL_Driver/Src/stm32f0xx_hal_can.o
LOAD HAL_Driver/Src/stm32f0xx_hal_cec.o
LOAD HAL_Driver/Src/stm32f0xx_hal_comp.o
LOAD HAL_Driver/Src/stm32f0xx_hal_cortex.o
LOAD HAL_Driver/Src/stm32f0xx_hal_crc.o
LOAD HAL_Driver/Src/stm32f0xx_hal_crc_ex.o
LOAD HAL_Driver/Src/stm32f0xx_hal_dac.o
LOAD HAL_Driver/Src/stm32f0xx_hal_dac_ex.o
LOAD HAL_Driver/Src/stm32f0xx_hal_dma.o
LOAD HAL_Driver/Src/stm32f0xx_hal_flash.o
LOAD HAL_Driver/Src/stm32f0xx_hal_flash_ex.o
LOAD HAL_Driver/Src/stm32f0xx_hal_gpio.o
LOAD HAL_Driver/Src/stm32f0xx_hal_i2c.o
LOAD HAL_Driver/Src/stm32f0xx_hal_i2c_ex.o
LOAD HAL_Driver/Src/stm32f0xx_hal_i2s.o
LOAD HAL_Driver/Src/stm32f0xx_hal_irda.o
LOAD HAL_Driver/Src/stm32f0xx_hal_iwdg.o
LOAD HAL_Driver/Src/stm32f0xx_hal_msp_template.o
LOAD HAL_Driver/Src/stm32f0xx_hal_pcd.o
LOAD HAL_Driver/Src/stm32f0xx_hal_pcd_ex.o
LOAD HAL_Driver/Src/stm32f0xx_hal_pwr.o
LOAD HAL_Driver/Src/stm32f0xx_hal_pwr_ex.o
LOAD HAL_Driver/Src/stm32f0xx_hal_rcc.o
LOAD HAL_Driver/Src/stm32f0xx_hal_rcc_ex.o
LOAD HAL_Driver/Src/stm32f0xx_hal_rtc.o
LOAD HAL_Driver/Src/stm32f0xx_hal_rtc_ex.o
LOAD HAL_Driver/Src/stm32f0xx_hal_smartcard.o
LOAD HAL_Driver/Src/stm32f0xx_hal_smartcard_ex.o
LOAD HAL_Driver/Src/stm32f0xx_hal_smbus.o
LOAD HAL_Driver/Src/stm32f0xx_hal_spi.o
LOAD HAL_Driver/Src/stm32f0xx_hal_spi_ex.o
LOAD HAL_Driver/Src/stm32f0xx_hal_tim.o
LOAD HAL_Driver/Src/stm32f0xx_hal_tim_ex.o
LOAD HAL_Driver/Src/stm32f0xx_hal_tsc.o
LOAD HAL_Driver/Src/stm32f0xx_hal_uart.o
LOAD HAL_Driver/Src/stm32f0xx_hal_uart_ex.o
LOAD HAL_Driver/Src/stm32f0xx_hal_usart.o
LOAD HAL_Driver/Src/stm32f0xx_hal_wwdg.o
LOAD HAL_Driver/Src/stm32f0xx_ll_adc.o
LOAD HAL_Driver/Src/stm32f0xx_ll_comp.o
LOAD HAL_Driver/Src/stm32f0xx_ll_crc.o
LOAD HAL_Driver/Src/stm32f0xx_ll_crs.o
LOAD HAL_Driver/Src/stm32f0xx_ll_dac.o
LOAD HAL_Driver/Src/stm32f0xx_ll_dma.o
LOAD HAL_Driver/Src/stm32f0xx_ll_exti.o
LOAD HAL_Driver/Src/stm32f0xx_ll_gpio.o
LOAD HAL_Driver/Src/stm32f0xx_ll_i2c.o
LOAD HAL_Driver/Src/stm32f0xx_ll_pwr.o
LOAD HAL_Driver/Src/stm32f0xx_ll_rcc.o
LOAD HAL_Driver/Src/stm32f0xx_ll_rtc.o
LOAD HAL_Driver/Src/stm32f0xx_ll_spi.o
LOAD HAL_Driver/Src/stm32f0xx_ll_tim.o
LOAD HAL_Driver/Src/stm32f0xx_ll_usart.o
LOAD HAL_Driver/Src/stm32f0xx_ll_utils.o
LOAD src/main.o
LOAD src/stm32f0xx_it.o
LOAD src/syscalls.o
LOAD src/system_stm32f0xx.o
LOAD startup/startup_stm32.o
LOAD /home/me/Ac6/SystemWorkbench/plugins/fr.ac6.mcu.externaltools.arm-none.linux64_1.16.0.201807130628/tools/compiler/bin/../lib/gcc/arm-none-eabi/7.2.1/../../../../arm-none-eabi/lib/thumb/v6-m/libstdc++.a
LOAD /home/me/Ac6/SystemWorkbench/plugins/fr.ac6.mcu.externaltools.arm-none.linux64_1.16.0.201807130628/tools/compiler/bin/../lib/gcc/arm-none-eabi/7.2.1/../../../../arm-none-eabi/lib/thumb/v6-m/libm.a
START GROUP
LOAD /home/me/Ac6/SystemWorkbench/plugins/fr.ac6.mcu.externaltools.arm-none.linux64_1.16.0.201807130628/tools/compiler/bin/../lib/gcc/arm-none-eabi/7.2.1/thumb/v6-m/libgcc.a
LOAD /home/me/Ac6/SystemWorkbench/plugins/fr.ac6.mcu.externaltools.arm-none.linux64_1.16.0.201807130628/tools/compiler/bin/../lib/gcc/arm-none-eabi/7.2.1/../../../../arm-none-eabi/lib/thumb/v6-m/libc.a
END GROUP
LOAD /home/me/Ac6/SystemWorkbench/plugins/fr.ac6.mcu.externaltools.arm-none.linux64_1.16.0.201807130628/tools/compiler/bin/../lib/gcc/arm-none-eabi/7.2.1/thumb/v6-m/crtend.o
LOAD /home/me/Ac6/SystemWorkbench/plugins/fr.ac6.mcu.externaltools.arm-none.linux64_1.16.0.201807130628/tools/compiler/bin/../lib/gcc/arm-none-eabi/7.2.1/thumb/v6-m/crtn.o
                0x0000000020001000                _estack = 0x20001000
                0x0000000000000000                _Min_Heap_Size = 0x0
                0x0000000000000400                _Min_Stack_Size = 0x400

.isr_vector     0x0000000008000000       0xc0
                0x0000000008000000                . = ALIGN (0x4)
 *(.isr_vector)
 .isr_vector    0x0000000008000000       0xc0 startup/startup_stm32.o
                0x0000000008000000                g_pfnVectors
                0x00000000080000c0                . = ALIGN (0x4)

.text           0x00000000080000c0      0xe28
                0x00000000080000c0                . = ALIGN (0x4)
 *(.text)
 .text          0x00000000080000c0       0x48 /home/me/Ac6/SystemWorkbench/plugins/fr.ac6.mcu.externaltools.arm-none.linux64_1.16.0.201807130628/tools/compiler/bin/../lib/gcc/arm-none-eabi/7.2.1/thumb/v6-m/crtbegin.o
 .text          0x0000000008000108      0x114 /home/me/Ac6/SystemWorkbench/plugins/fr.ac6.mcu.externaltools.arm-none.linux64_1.16.0.201807130628/tools/compiler/bin/../lib/gcc/arm-none-eabi/7.2.1/thumb/v6-m/libgcc.a(_udivsi3.o)
                0x0000000008000108                __udivsi3
                0x0000000008000108                __aeabi_uidiv
                0x0000000008000214                __aeabi_uidivmod
 .text          0x000000000800021c        0x4 /home/me/Ac6/SystemWorkbench/plugins/fr.ac6.mcu.externaltools.arm-none.linux64_1.16.0.201807130628/tools/compiler/bin/../lib/gcc/arm-none-eabi/7.2.1/thumb/v6-m/libgcc.a(_dvmd_tls.o)
                0x000000000800021c                __aeabi_ldiv0
                0x000000000800021c                __aeabi_idiv0
 *(.text*)
 .text.HAL_Init
                0x0000000008000220       0x28 HAL_Driver/Src/stm32f0xx_hal.o
                0x0000000008000220                HAL_Init
 .text.HAL_InitTick
                0x0000000008000248       0x38 HAL_Driver/Src/stm32f0xx_hal.o
                0x0000000008000248                HAL_InitTick
 .text.HAL_IncTick
                0x0000000008000280       0x18 HAL_Driver/Src/stm32f0xx_hal.o
                0x0000000008000280                HAL_IncTick
 .text.HAL_GetTick
                0x0000000008000298       0x14 HAL_Driver/Src/stm32f0xx_hal.o
                0x0000000008000298                HAL_GetTick
 .text.HAL_Delay
                0x00000000080002ac       0x3a HAL_Driver/Src/stm32f0xx_hal.o
                0x00000000080002ac                HAL_Delay
 *fill*         0x00000000080002e6        0x2 
 .text.NVIC_SetPriority
                0x00000000080002e8       0xdc HAL_Driver/Src/stm32f0xx_hal_cortex.o
 .text.SysTick_Config
                0x00000000080003c4       0x48 HAL_Driver/Src/stm32f0xx_hal_cortex.o
 .text.HAL_NVIC_SetPriority
                0x000000000800040c       0x2a HAL_Driver/Src/stm32f0xx_hal_cortex.o
                0x000000000800040c                HAL_NVIC_SetPriority
 .text.HAL_SYSTICK_Config
                0x0000000008000436       0x1a HAL_Driver/Src/stm32f0xx_hal_cortex.o
                0x0000000008000436                HAL_SYSTICK_Config
 .text.HAL_SYSTICK_IRQHandler
                0x0000000008000450        0xe HAL_Driver/Src/stm32f0xx_hal_cortex.o
                0x0000000008000450                HAL_SYSTICK_IRQHandler
 .text.HAL_SYSTICK_Callback
                0x000000000800045e        0xa HAL_Driver/Src/stm32f0xx_hal_cortex.o
                0x000000000800045e                HAL_SYSTICK_Callback
 .text.HAL_MspInit
                0x0000000008000468        0xa HAL_Driver/Src/stm32f0xx_hal_msp_template.o
                0x0000000008000468                HAL_MspInit
 *fill*         0x0000000008000472        0x2 
 .text.HAL_RCC_GetHCLKFreq
                0x0000000008000474       0x14 HAL_Driver/Src/stm32f0xx_hal_rcc.o
                0x0000000008000474                HAL_RCC_GetHCLKFreq
 .text.NVIC_EnableIRQ
                0x0000000008000488       0x2c src/main.o
 .text.NVIC_SetPriority
                0x00000000080004b4       0xdc src/main.o
 .text.setOuputBrightness
                0x0000000008000590       0x88 src/main.o
                0x0000000008000590                setOuputBrightness
 .text.setBrightness
                0x0000000008000618       0x20 src/main.o
                0x0000000008000618                setBrightness
 .text.translatePin
                0x0000000008000638       0x18 src/main.o
                0x0000000008000638                translatePin
 .text.output   0x0000000008000650       0x48 src/main.o
                0x0000000008000650                output
 .text.TIM17_IRQHandler
                0x0000000008000698       0xb8 src/main.o
                0x0000000008000698                TIM17_IRQHandler
 .text.TIM16_IRQHandler
                0x0000000008000750       0xc8 src/main.o
                0x0000000008000750                TIM16_IRQHandler
 .text.setupStrobesAndArrows
                0x0000000008000818       0xc4 src/main.o
                0x0000000008000818                setupStrobesAndArrows
 .text.setupButton
                0x00000000080008dc       0x2c src/main.o
                0x00000000080008dc                setupButton
 .text.readButton
                0x0000000008000908       0x1a src/main.o
                0x0000000008000908                readButton
 *fill*         0x0000000008000922        0x2 
 .text.main     0x0000000008000924      0x110 src/main.o
                0x0000000008000924                main
 .text.setupVT1
                0x0000000008000a34       0xe0 src/main.o
                0x0000000008000a34                setupVT1
 .text.setupVT23
                0x0000000008000b14      0x12c src/main.o
                0x0000000008000b14                setupVT23
 .text.SysTick_Handler
                0x0000000008000c40       0x12 src/stm32f0xx_it.o
                0x0000000008000c40                SysTick_Handler
 *fill*         0x0000000008000c52        0x2 
 .text.SystemInit
                0x0000000008000c54       0x88 src/system_stm32f0xx.o
                0x0000000008000c54                SystemInit
 .text.Reset_Handler
                0x0000000008000cdc       0x50 startup/startup_stm32.o
                0x0000000008000cdc                Reset_Handler
 .text.Default_Handler
                0x0000000008000d2c        0x2 startup/startup_stm32.o
                0x0000000008000d2c                TIM1_CC_IRQHandler
                0x0000000008000d2c                HardFault_Handler
                0x0000000008000d2c                TIM6_IRQHandler
                0x0000000008000d2c                PVD_IRQHandler
                0x0000000008000d2c                PendSV_Handler
                0x0000000008000d2c                NMI_Handler
                0x0000000008000d2c                I2C1_IRQHandler
                0x0000000008000d2c                SPI1_IRQHandler
                0x0000000008000d2c                EXTI2_3_IRQHandler
                0x0000000008000d2c                I2C2_IRQHandler
                0x0000000008000d2c                RTC_IRQHandler
                0x0000000008000d2c                TIM3_IRQHandler
                0x0000000008000d2c                EXTI4_15_IRQHandler
                0x0000000008000d2c                RCC_IRQHandler
                0x0000000008000d2c                Default_Handler
                0x0000000008000d2c                TIM14_IRQHandler
                0x0000000008000d2c                ADC_IRQHandler
                0x0000000008000d2c                DMA1_CH2_3_IRQHandler
                0x0000000008000d2c                TIM15_IRQHandler
                0x0000000008000d2c                EXTI0_1_IRQHandler
                0x0000000008000d2c                USB_IRQHandler
                0x0000000008000d2c                SPI2_IRQHandler
                0x0000000008000d2c                DMA1_CH1_IRQHandler
                0x0000000008000d2c                SVC_Handler
                0x0000000008000d2c                DMA1_CH4_5_IRQHandler
                0x0000000008000d2c                WWDG_IRQHandler
                0x0000000008000d2c                USART2_IRQHandler
                0x0000000008000d2c                FLASH_IRQHandler
                0x0000000008000d2c                USART1_IRQHandler
                0x0000000008000d2c                TIM1_BRK_UP_TRG_COM_IRQHandler
                0x0000000008000d2c                USART3_4_5_6_IRQHandler
 *fill*         0x0000000008000d2e        0x2 
 .text.__libc_init_array
                0x0000000008000d30       0x48 /home/me/Ac6/SystemWorkbench/plugins/fr.ac6.mcu.externaltools.arm-none.linux64_1.16.0.201807130628/tools/compiler/bin/../lib/gcc/arm-none-eabi/7.2.1/../../../../arm-none-eabi/lib/thumb/v6-m/libc.a(lib_a-init.o)
                0x0000000008000d30                __libc_init_array
 .text.startup.register_fini
                0x0000000008000d78       0x18 /home/me/Ac6/SystemWorkbench/plugins/fr.ac6.mcu.externaltools.arm-none.linux64_1.16.0.201807130628/tools/compiler/bin/../lib/gcc/arm-none-eabi/7.2.1/../../../../arm-none-eabi/lib/thumb/v6-m/libc.a(lib_a-__call_atexit.o)
 .text.atexit   0x0000000008000d90       0x10 /home/me/Ac6/SystemWorkbench/plugins/fr.ac6.mcu.externaltools.arm-none.linux64_1.16.0.201807130628/tools/compiler/bin/../lib/gcc/arm-none-eabi/7.2.1/../../../../arm-none-eabi/lib/thumb/v6-m/libc.a(lib_a-atexit.o)
                0x0000000008000d90                atexit
 .text.__libc_fini_array
                0x0000000008000da0       0x34 /home/me/Ac6/SystemWorkbench/plugins/fr.ac6.mcu.externaltools.arm-none.linux64_1.16.0.201807130628/tools/compiler/bin/../lib/gcc/arm-none-eabi/7.2.1/../../../../arm-none-eabi/lib/thumb/v6-m/libc.a(lib_a-fini.o)
                0x0000000008000da0                __libc_fini_array
 .text.__retarget_lock_acquire_recursive
                0x0000000008000dd4        0x4 /home/me/Ac6/SystemWorkbench/plugins/fr.ac6.mcu.externaltools.arm-none.linux64_1.16.0.201807130628/tools/compiler/bin/../lib/gcc/arm-none-eabi/7.2.1/../../../../arm-none-eabi/lib/thumb/v6-m/libc.a(lib_a-lock.o)
                0x0000000008000dd4                __retarget_lock_acquire_recursive
 .text.__retarget_lock_release_recursive
                0x0000000008000dd8        0x4 /home/me/Ac6/SystemWorkbench/plugins/fr.ac6.mcu.externaltools.arm-none.linux64_1.16.0.201807130628/tools/compiler/bin/../lib/gcc/arm-none-eabi/7.2.1/../../../../arm-none-eabi/lib/thumb/v6-m/libc.a(lib_a-lock.o)
                0x0000000008000dd8                __retarget_lock_release_recursive
 .text.__register_exitproc
                0x0000000008000ddc       0xf4 /home/me/Ac6/SystemWorkbench/plugins/fr.ac6.mcu.externaltools.arm-none.linux64_1.16.0.201807130628/tools/compiler/bin/../lib/gcc/arm-none-eabi/7.2.1/../../../../arm-none-eabi/lib/thumb/v6-m/libc.a(lib_a-__atexit.o)
                0x0000000008000ddc                __register_exitproc
 *(.glue_7)
 .glue_7        0x0000000008000ed0        0x0 linker stubs
 *(.glue_7t)
 .glue_7t       0x0000000008000ed0        0x0 linker stubs
 *(.eh_frame)
 .eh_frame      0x0000000008000ed0        0x0 /home/me/Ac6/SystemWorkbench/plugins/fr.ac6.mcu.externaltools.arm-none.linux64_1.16.0.201807130628/tools/compiler/bin/../lib/gcc/arm-none-eabi/7.2.1/thumb/v6-m/crtbegin.o
 *(.init)
 .init          0x0000000008000ed0        0x4 /home/me/Ac6/SystemWorkbench/plugins/fr.ac6.mcu.externaltools.arm-none.linux64_1.16.0.201807130628/tools/compiler/bin/../lib/gcc/arm-none-eabi/7.2.1/thumb/v6-m/crti.o
                0x0000000008000ed0                _init
 .init          0x0000000008000ed4        0x8 /home/me/Ac6/SystemWorkbench/plugins/fr.ac6.mcu.externaltools.arm-none.linux64_1.16.0.201807130628/tools/compiler/bin/../lib/gcc/arm-none-eabi/7.2.1/thumb/v6-m/crtn.o
 *(.fini)
 .fini          0x0000000008000edc        0x4 /home/me/Ac6/SystemWorkbench/plugins/fr.ac6.mcu.externaltools.arm-none.linux64_1.16.0.201807130628/tools/compiler/bin/../lib/gcc/arm-none-eabi/7.2.1/thumb/v6-m/crti.o
                0x0000000008000edc                _fini
 .fini          0x0000000008000ee0        0x8 /home/me/Ac6/SystemWorkbench/plugins/fr.ac6.mcu.externaltools.arm-none.linux64_1.16.0.201807130628/tools/compiler/bin/../lib/gcc/arm-none-eabi/7.2.1/thumb/v6-m/crtn.o
                0x0000000008000ee8                . = ALIGN (0x4)
                0x0000000008000ee8                _etext = .

.vfp11_veneer   0x0000000008000ee8        0x0
 .vfp11_veneer  0x0000000008000ee8        0x0 linker stubs

.v4_bx          0x0000000008000ee8        0x0
 .v4_bx         0x0000000008000ee8        0x0 linker stubs

.iplt           0x0000000008000ee8        0x0
 .iplt          0x0000000008000ee8        0x0 /home/me/Ac6/SystemWorkbench/plugins/fr.ac6.mcu.externaltools.arm-none.linux64_1.16.0.201807130628/tools/compiler/bin/../lib/gcc/arm-none-eabi/7.2.1/thumb/v6-m/crtbegin.o

.rodata         0x0000000008000ee8       0x20
                0x0000000008000ee8                . = ALIGN (0x4)
 *(.rodata)
 .rodata        0x0000000008000ee8       0x1c src/main.o
 *(.rodata*)
 .rodata._global_impure_ptr
                0x0000000008000f04        0x4 /home/me/Ac6/SystemWorkbench/plugins/fr.ac6.mcu.externaltools.arm-none.linux64_1.16.0.201807130628/tools/compiler/bin/../lib/gcc/arm-none-eabi/7.2.1/../../../../arm-none-eabi/lib/thumb/v6-m/libc.a(lib_a-impure.o)
                0x0000000008000f04                _global_impure_ptr
                0x0000000008000f08                . = ALIGN (0x4)

.rel.dyn        0x0000000008000f08        0x0
 .rel.iplt      0x0000000008000f08        0x0 /home/me/Ac6/SystemWorkbench/plugins/fr.ac6.mcu.externaltools.arm-none.linux64_1.16.0.201807130628/tools/compiler/bin/../lib/gcc/arm-none-eabi/7.2.1/thumb/v6-m/crtbegin.o

.ARM.extab      0x0000000008000f08        0x0
                0x0000000008000f08                . = ALIGN (0x4)
 *(.ARM.extab* .gnu.linkonce.armextab.*)
                0x0000000008000f08                . = ALIGN (0x4)

.ARM            0x0000000008000f08        0x0
                0x0000000008000f08                . = ALIGN (0x4)
                0x0000000008000f08                __exidx_start = .
 *(.ARM.exidx*)
                0x0000000008000f08                __exidx_end = .
                0x0000000008000f08                . = ALIGN (0x4)

.preinit_array  0x0000000008000f08        0x0
                0x0000000008000f08                . = ALIGN (0x4)
                0x0000000008000f08                PROVIDE (__preinit_array_start, .)
 *(.preinit_array*)
                0x0000000008000f08                PROVIDE (__preinit_array_end, .)
                0x0000000008000f08                . = ALIGN (0x4)

.init_array     0x0000000008000f08        0x8
                0x0000000008000f08                . = ALIGN (0x4)
                0x0000000008000f08                PROVIDE (__init_array_start, .)
 *(SORT_BY_NAME(.init_array.*))
 .init_array.00000
                0x0000000008000f08        0x4 /home/me/Ac6/SystemWorkbench/plugins/fr.ac6.mcu.externaltools.arm-none.linux64_1.16.0.201807130628/tools/compiler/bin/../lib/gcc/arm-none-eabi/7.2.1/../../../../arm-none-eabi/lib/thumb/v6-m/libc.a(lib_a-__call_atexit.o)
 *(.init_array*)
 .init_array    0x0000000008000f0c        0x4 /home/me/Ac6/SystemWorkbench/plugins/fr.ac6.mcu.externaltools.arm-none.linux64_1.16.0.201807130628/tools/compiler/bin/../lib/gcc/arm-none-eabi/7.2.1/thumb/v6-m/crtbegin.o
                0x0000000008000f10                PROVIDE (__init_array_end, .)
                0x0000000008000f10                . = ALIGN (0x4)

.fini_array     0x0000000008000f10        0x4
                0x0000000008000f10                . = ALIGN (0x4)
                0x0000000008000f10                PROVIDE (__fini_array_start, .)
 *(SORT_BY_NAME(.fini_array.*))
 *(.fini_array*)
 .fini_array    0x0000000008000f10        0x4 /home/me/Ac6/SystemWorkbench/plugins/fr.ac6.mcu.externaltools.arm-none.linux64_1.16.0.201807130628/tools/compiler/bin/../lib/gcc/arm-none-eabi/7.2.1/thumb/v6-m/crtbegin.o
                0x0000000008000f14                PROVIDE (__fini_array_end, .)
                0x0000000008000f14                . = ALIGN (0x4)
                0x0000000008000f14                _sidata = LOADADDR (.data)

.data           0x0000000020000000      0x434 load address 0x0000000008000f14
                0x0000000020000000                . = ALIGN (0x4)
                0x0000000020000000                _sdata = .
 *(.data)
 .data          0x0000000020000000        0x2 src/main.o
                0x0000000020000000                brightness
                0x0000000020000001                mode
 *fill*         0x0000000020000002        0x2 
 .data          0x0000000020000004        0x4 src/system_stm32f0xx.o
                0x0000000020000004                SystemCoreClock
 *(.data*)
 .data.impure_data
                0x0000000020000008      0x428 /home/me/Ac6/SystemWorkbench/plugins/fr.ac6.mcu.externaltools.arm-none.linux64_1.16.0.201807130628/tools/compiler/bin/../lib/gcc/arm-none-eabi/7.2.1/../../../../arm-none-eabi/lib/thumb/v6-m/libc.a(lib_a-impure.o)
 .data.__atexit_recursive_mutex
                0x0000000020000430        0x4 /home/me/Ac6/SystemWorkbench/plugins/fr.ac6.mcu.externaltools.arm-none.linux64_1.16.0.201807130628/tools/compiler/bin/../lib/gcc/arm-none-eabi/7.2.1/../../../../arm-none-eabi/lib/thumb/v6-m/libc.a(lib_a-__call_atexit.o)
                0x0000000020000430                __atexit_recursive_mutex
                0x0000000020000434                . = ALIGN (0x4)
                0x0000000020000434                _edata = .

.igot.plt       0x0000000020000434        0x0 load address 0x0000000008001348
 .igot.plt      0x0000000020000434        0x0 /home/me/Ac6/SystemWorkbench/plugins/fr.ac6.mcu.externaltools.arm-none.linux64_1.16.0.201807130628/tools/compiler/bin/../lib/gcc/arm-none-eabi/7.2.1/thumb/v6-m/crtbegin.o
                0x0000000020000434                . = ALIGN (0x4)

.bss            0x0000000020000434       0x48 load address 0x0000000008001348
                0x0000000020000434                _sbss = .
                0x0000000020000434                __bss_start__ = _sbss
 *(.bss)
 .bss           0x0000000020000434       0x1c /home/me/Ac6/SystemWorkbench/plugins/fr.ac6.mcu.externaltools.arm-none.linux64_1.16.0.201807130628/tools/compiler/bin/../lib/gcc/arm-none-eabi/7.2.1/thumb/v6-m/crtbegin.o
 .bss           0x0000000020000450        0x3 src/main.o
                0x0000000020000450                strobeState
                0x0000000020000451                strobeIndex
                0x0000000020000452                arrowState
 *(.bss*)
 *(COMMON)
 *fill*         0x0000000020000453        0x1 
 COMMON         0x0000000020000454        0x4 HAL_Driver/Src/stm32f0xx_hal.o
                0x0000000020000454                uwTick
 COMMON         0x0000000020000458       0x21 /home/me/Ac6/SystemWorkbench/plugins/fr.ac6.mcu.externaltools.arm-none.linux64_1.16.0.201807130628/tools/compiler/bin/../lib/gcc/arm-none-eabi/7.2.1/../../../../arm-none-eabi/lib/thumb/v6-m/libc.a(lib_a-lock.o)
                0x0000000020000458                __lock___atexit_recursive_mutex
                0x000000002000045c                __lock___arc4random_mutex
                0x0000000020000460                __lock___env_recursive_mutex
                0x0000000020000464                __lock___sinit_recursive_mutex
                0x0000000020000468                __lock___malloc_recursive_mutex
                0x000000002000046c                __lock___at_quick_exit_mutex
                0x0000000020000470                __lock___dd_hash_mutex
                0x0000000020000474                __lock___tz_mutex
                0x0000000020000478                __lock___sfp_recursive_mutex
                0x000000002000047c                . = ALIGN (0x4)
 *fill*         0x0000000020000479        0x3 
                0x000000002000047c                _ebss = .
                0x000000002000047c                __bss_end__ = _ebss

._user_heap_stack
                0x000000002000047c      0x404 load address 0x0000000008001348
                0x0000000020000480                . = ALIGN (0x8)
 *fill*         0x000000002000047c        0x4 
                0x0000000020000480                PROVIDE (end, .)
                [!provide]                        PROVIDE (_end, .)
                0x0000000020000480                . = (. + _Min_Heap_Size)
                0x0000000020000880                . = (. + _Min_Stack_Size)
 *fill*         0x0000000020000480      0x400 
                0x0000000020000880                . = ALIGN (0x8)

/DISCARD/
 libc.a(*)
 libm.a(*)
 libgcc.a(*)

.ARM.attributes
                0x0000000000000000       0x28
 *(.ARM.attributes)
 .ARM.attributes
                0x0000000000000000       0x1e /home/me/Ac6/SystemWorkbench/plugins/fr.ac6.mcu.externaltools.arm-none.linux64_1.16.0.201807130628/tools/compiler/bin/../lib/gcc/arm-none-eabi/7.2.1/thumb/v6-m/crti.o
 .ARM.attributes
                0x000000000000001e       0x2c /home/me/Ac6/SystemWorkbench/plugins/fr.ac6.mcu.externaltools.arm-none.linux64_1.16.0.201807130628/tools/compiler/bin/../lib/gcc/arm-none-eabi/7.2.1/thumb/v6-m/crtbegin.o
 .ARM.attributes
                0x000000000000004a       0x31 HAL_Driver/Src/stm32f0xx_hal.o
 .ARM.attributes
                0x000000000000007b       0x31 HAL_Driver/Src/stm32f0xx_hal_cortex.o
 .ARM.attributes
                0x00000000000000ac       0x31 HAL_Driver/Src/stm32f0xx_hal_msp_template.o
 .ARM.attributes
                0x00000000000000dd       0x31 HAL_Driver/Src/stm32f0xx_hal_rcc.o
 .ARM.attributes
                0x000000000000010e       0x31 src/main.o
 .ARM.attributes
                0x000000000000013f       0x31 src/stm32f0xx_it.o
 .ARM.attributes
                0x0000000000000170       0x31 src/system_stm32f0xx.o
 .ARM.attributes
                0x00000000000001a1       0x21 startup/startup_stm32.o
 .ARM.attributes
                0x00000000000001c2       0x1e /home/me/Ac6/SystemWorkbench/plugins/fr.ac6.mcu.externaltools.arm-none.linux64_1.16.0.201807130628/tools/compiler/bin/../lib/gcc/arm-none-eabi/7.2.1/thumb/v6-m/libgcc.a(_udivsi3.o)
 .ARM.attributes
                0x00000000000001e0       0x1e /home/me/Ac6/SystemWorkbench/plugins/fr.ac6.mcu.externaltools.arm-none.linux64_1.16.0.201807130628/tools/compiler/bin/../lib/gcc/arm-none-eabi/7.2.1/thumb/v6-m/libgcc.a(_dvmd_tls.o)
 .ARM.attributes
                0x00000000000001fe       0x2c /home/me/Ac6/SystemWorkbench/plugins/fr.ac6.mcu.externaltools.arm-none.linux64_1.16.0.201807130628/tools/compiler/bin/../lib/gcc/arm-none-eabi/7.2.1/../../../../arm-none-eabi/lib/thumb/v6-m/libc.a(lib_a-impure.o)
 .ARM.attributes
                0x000000000000022a       0x2c /home/me/Ac6/SystemWorkbench/plugins/fr.ac6.mcu.externaltools.arm-none.linux64_1.16.0.201807130628/tools/compiler/bin/../lib/gcc/arm-none-eabi/7.2.1/../../../../arm-none-eabi/lib/thumb/v6-m/libc.a(lib_a-init.o)
 .ARM.attributes
                0x0000000000000256       0x2c /home/me/Ac6/SystemWorkbench/plugins/fr.ac6.mcu.externaltools.arm-none.linux64_1.16.0.201807130628/tools/compiler/bin/../lib/gcc/arm-none-eabi/7.2.1/../../../../arm-none-eabi/lib/thumb/v6-m/libc.a(lib_a-__call_atexit.o)
 .ARM.attributes
                0x0000000000000282       0x2c /home/me/Ac6/SystemWorkbench/plugins/fr.ac6.mcu.externaltools.arm-none.linux64_1.16.0.201807130628/tools/compiler/bin/../lib/gcc/arm-none-eabi/7.2.1/../../../../arm-none-eabi/lib/thumb/v6-m/libc.a(lib_a-atexit.o)
 .ARM.attributes
                0x00000000000002ae       0x2c /home/me/Ac6/SystemWorkbench/plugins/fr.ac6.mcu.externaltools.arm-none.linux64_1.16.0.201807130628/tools/compiler/bin/../lib/gcc/arm-none-eabi/7.2.1/../../../../arm-none-eabi/lib/thumb/v6-m/libc.a(lib_a-fini.o)
 .ARM.attributes
                0x00000000000002da       0x2c /home/me/Ac6/SystemWorkbench/plugins/fr.ac6.mcu.externaltools.arm-none.linux64_1.16.0.201807130628/tools/compiler/bin/../lib/gcc/arm-none-eabi/7.2.1/../../../../arm-none-eabi/lib/thumb/v6-m/libc.a(lib_a-lock.o)
 .ARM.attributes
                0x0000000000000306       0x2c /home/me/Ac6/SystemWorkbench/plugins/fr.ac6.mcu.externaltools.arm-none.linux64_1.16.0.201807130628/tools/compiler/bin/../lib/gcc/arm-none-eabi/7.2.1/../../../../arm-none-eabi/lib/thumb/v6-m/libc.a(lib_a-__atexit.o)
 .ARM.attributes
                0x0000000000000332       0x1e /home/me/Ac6/SystemWorkbench/plugins/fr.ac6.mcu.externaltools.arm-none.linux64_1.16.0.201807130628/tools/compiler/bin/../lib/gcc/arm-none-eabi/7.2.1/thumb/v6-m/crtn.o
OUTPUT(sl2.elf elf32-littlearm)

.debug_info     0x0000000000000000     0x59d7
 .debug_info    0x0000000000000000      0xdaa HAL_Driver/Src/stm32f0xx_hal.o
 .debug_info    0x0000000000000daa      0xf01 HAL_Driver/Src/stm32f0xx_hal_cortex.o
 .debug_info    0x0000000000001cab      0x959 HAL_Driver/Src/stm32f0xx_hal_msp_template.o
 .debug_info    0x0000000000002604      0xf97 HAL_Driver/Src/stm32f0xx_hal_rcc.o
 .debug_info    0x000000000000359b     0x1084 src/main.o
 .debug_info    0x000000000000461f      0x926 src/stm32f0xx_it.o
 .debug_info    0x0000000000004f45      0xa70 src/system_stm32f0xx.o
 .debug_info    0x00000000000059b5       0x22 startup/startup_stm32.o

.debug_abbrev   0x0000000000000000     0x1156
 .debug_abbrev  0x0000000000000000      0x2a3 HAL_Driver/Src/stm32f0xx_hal.o
 .debug_abbrev  0x00000000000002a3      0x33d HAL_Driver/Src/stm32f0xx_hal_cortex.o
 .debug_abbrev  0x00000000000005e0      0x1aa HAL_Driver/Src/stm32f0xx_hal_msp_template.o
 .debug_abbrev  0x000000000000078a      0x2be HAL_Driver/Src/stm32f0xx_hal_rcc.o
 .debug_abbrev  0x0000000000000a48      0x34d src/main.o
 .debug_abbrev  0x0000000000000d95      0x1aa src/stm32f0xx_it.o
 .debug_abbrev  0x0000000000000f3f      0x205 src/system_stm32f0xx.o
 .debug_abbrev  0x0000000000001144       0x12 startup/startup_stm32.o

.debug_aranges  0x0000000000000000      0x328
 .debug_aranges
                0x0000000000000000       0xb8 HAL_Driver/Src/stm32f0xx_hal.o
 .debug_aranges
                0x00000000000000b8       0xc0 HAL_Driver/Src/stm32f0xx_hal_cortex.o
 .debug_aranges
                0x0000000000000178       0x38 HAL_Driver/Src/stm32f0xx_hal_msp_template.o
 .debug_aranges
                0x00000000000001b0       0x80 HAL_Driver/Src/stm32f0xx_hal_rcc.o
 .debug_aranges
                0x0000000000000230       0x88 src/main.o
 .debug_aranges
                0x00000000000002b8       0x20 src/stm32f0xx_it.o
 .debug_aranges
                0x00000000000002d8       0x28 src/system_stm32f0xx.o
 .debug_aranges
                0x0000000000000300       0x28 startup/startup_stm32.o

.debug_ranges   0x0000000000000000      0x2b0
 .debug_ranges  0x0000000000000000       0xa8 HAL_Driver/Src/stm32f0xx_hal.o
 .debug_ranges  0x00000000000000a8       0xb0 HAL_Driver/Src/stm32f0xx_hal_cortex.o
 .debug_ranges  0x0000000000000158       0x28 HAL_Driver/Src/stm32f0xx_hal_msp_template.o
 .debug_ranges  0x0000000000000180       0x70 HAL_Driver/Src/stm32f0xx_hal_rcc.o
 .debug_ranges  0x00000000000001f0       0x78 src/main.o
 .debug_ranges  0x0000000000000268       0x10 src/stm32f0xx_it.o
 .debug_ranges  0x0000000000000278       0x18 src/system_stm32f0xx.o
 .debug_ranges  0x0000000000000290       0x20 startup/startup_stm32.o

.debug_macro    0x0000000000000000     0xe248
 .debug_macro   0x0000000000000000      0x419 HAL_Driver/Src/stm32f0xx_hal.o
 .debug_macro   0x0000000000000419      0xa5a HAL_Driver/Src/stm32f0xx_hal.o
 .debug_macro   0x0000000000000e73      0x117 HAL_Driver/Src/stm32f0xx_hal.o
 .debug_macro   0x0000000000000f8a       0x28 HAL_Driver/Src/stm32f0xx_hal.o
 .debug_macro   0x0000000000000fb2       0x22 HAL_Driver/Src/stm32f0xx_hal.o
 .debug_macro   0x0000000000000fd4       0x22 HAL_Driver/Src/stm32f0xx_hal.o
 .debug_macro   0x0000000000000ff6       0x87 HAL_Driver/Src/stm32f0xx_hal.o
 .debug_macro   0x000000000000107d       0x51 HAL_Driver/Src/stm32f0xx_hal.o
 .debug_macro   0x00000000000010ce       0xef HAL_Driver/Src/stm32f0xx_hal.o
 .debug_macro   0x00000000000011bd       0x6a HAL_Driver/Src/stm32f0xx_hal.o
 .debug_macro   0x0000000000001227      0x1df HAL_Driver/Src/stm32f0xx_hal.o
 .debug_macro   0x0000000000001406       0x34 HAL_Driver/Src/stm32f0xx_hal.o
 .debug_macro   0x000000000000143a       0x26 HAL_Driver/Src/stm32f0xx_hal.o
 .debug_macro   0x0000000000001460      0x30d HAL_Driver/Src/stm32f0xx_hal.o
 .debug_macro   0x000000000000176d     0x6ed0 HAL_Driver/Src/stm32f0xx_hal.o
 .debug_macro   0x000000000000863d       0x3c HAL_Driver/Src/stm32f0xx_hal.o
 .debug_macro   0x0000000000008679       0x58 HAL_Driver/Src/stm32f0xx_hal.o
 .debug_macro   0x00000000000086d1       0x17 HAL_Driver/Src/stm32f0xx_hal.o
 .debug_macro   0x00000000000086e8       0x35 HAL_Driver/Src/stm32f0xx_hal.o
 .debug_macro   0x000000000000871d       0x9c HAL_Driver/Src/stm32f0xx_hal.o
 .debug_macro   0x00000000000087b9       0x16 HAL_Driver/Src/stm32f0xx_hal.o
 .debug_macro   0x00000000000087cf       0x97 HAL_Driver/Src/stm32f0xx_hal.o
 .debug_macro   0x0000000000008866      0x330 HAL_Driver/Src/stm32f0xx_hal.o
 .debug_macro   0x0000000000008b96       0xfd HAL_Driver/Src/stm32f0xx_hal.o
 .debug_macro   0x0000000000008c93       0x10 HAL_Driver/Src/stm32f0xx_hal.o
 .debug_macro   0x0000000000008ca3       0x58 HAL_Driver/Src/stm32f0xx_hal.o
 .debug_macro   0x0000000000008cfb       0x1f HAL_Driver/Src/stm32f0xx_hal.o
 .debug_macro   0x0000000000008d1a       0x43 HAL_Driver/Src/stm32f0xx_hal.o
 .debug_macro   0x0000000000008d5d       0x20 HAL_Driver/Src/stm32f0xx_hal.o
 .debug_macro   0x0000000000008d7d      0x18e HAL_Driver/Src/stm32f0xx_hal.o
 .debug_macro   0x0000000000008f0b       0x10 HAL_Driver/Src/stm32f0xx_hal.o
 .debug_macro   0x0000000000008f1b       0x1c HAL_Driver/Src/stm32f0xx_hal.o
 .debug_macro   0x0000000000008f37       0x52 HAL_Driver/Src/stm32f0xx_hal.o
 .debug_macro   0x0000000000008f89       0x40 HAL_Driver/Src/stm32f0xx_hal.o
 .debug_macro   0x0000000000008fc9       0x10 HAL_Driver/Src/stm32f0xx_hal.o
 .debug_macro   0x0000000000008fd9       0x40 HAL_Driver/Src/stm32f0xx_hal.o
 .debug_macro   0x0000000000009019       0xd7 HAL_Driver/Src/stm32f0xx_hal.o
 .debug_macro   0x00000000000090f0       0x1c HAL_Driver/Src/stm32f0xx_hal.o
 .debug_macro   0x000000000000910c       0x3d HAL_Driver/Src/stm32f0xx_hal.o
 .debug_macro   0x0000000000009149       0x16 HAL_Driver/Src/stm32f0xx_hal.o
 .debug_macro   0x000000000000915f      0x16f HAL_Driver/Src/stm32f0xx_hal.o
 .debug_macro   0x00000000000092ce       0x50 HAL_Driver/Src/stm32f0xx_hal.o
 .debug_macro   0x000000000000931e      0x92f HAL_Driver/Src/stm32f0xx_hal.o
 .debug_macro   0x0000000000009c4d       0xe5 HAL_Driver/Src/stm32f0xx_hal.o
 .debug_macro   0x0000000000009d32      0x13a HAL_Driver/Src/stm32f0xx_hal.o
 .debug_macro   0x0000000000009e6c       0xb3 HAL_Driver/Src/stm32f0xx_hal.o
 .debug_macro   0x0000000000009f1f      0x1ed HAL_Driver/Src/stm32f0xx_hal.o
 .debug_macro   0x000000000000a10c       0x34 HAL_Driver/Src/stm32f0xx_hal.o
 .debug_macro   0x000000000000a140       0x43 HAL_Driver/Src/stm32f0xx_hal.o
 .debug_macro   0x000000000000a183       0x28 HAL_Driver/Src/stm32f0xx_hal.o
 .debug_macro   0x000000000000a1ab      0x33d HAL_Driver/Src/stm32f0xx_hal.o
 .debug_macro   0x000000000000a4e8       0xbc HAL_Driver/Src/stm32f0xx_hal.o
 .debug_macro   0x000000000000a5a4       0x81 HAL_Driver/Src/stm32f0xx_hal.o
 .debug_macro   0x000000000000a625       0x5a HAL_Driver/Src/stm32f0xx_hal.o
 .debug_macro   0x000000000000a67f       0x12 HAL_Driver/Src/stm32f0xx_hal.o
 .debug_macro   0x000000000000a691       0xb6 HAL_Driver/Src/stm32f0xx_hal.o
 .debug_macro   0x000000000000a747      0x15a HAL_Driver/Src/stm32f0xx_hal.o
 .debug_macro   0x000000000000a8a1      0x202 HAL_Driver/Src/stm32f0xx_hal.o
 .debug_macro   0x000000000000aaa3       0x61 HAL_Driver/Src/stm32f0xx_hal.o
 .debug_macro   0x000000000000ab04       0x90 HAL_Driver/Src/stm32f0xx_hal.o
 .debug_macro   0x000000000000ab94       0x87 HAL_Driver/Src/stm32f0xx_hal.o
 .debug_macro   0x000000000000ac1b       0x4d HAL_Driver/Src/stm32f0xx_hal.o
 .debug_macro   0x000000000000ac68       0x2d HAL_Driver/Src/stm32f0xx_hal.o
 .debug_macro   0x000000000000ac95      0x2e2 HAL_Driver/Src/stm32f0xx_hal.o
 .debug_macro   0x000000000000af77      0x2ad HAL_Driver/Src/stm32f0xx_hal.o
 .debug_macro   0x000000000000b224       0xdd HAL_Driver/Src/stm32f0xx_hal.o
 .debug_macro   0x000000000000b301      0x356 HAL_Driver/Src/stm32f0xx_hal.o
 .debug_macro   0x000000000000b657      0x2f0 HAL_Driver/Src/stm32f0xx_hal.o
 .debug_macro   0x000000000000b947      0x845 HAL_Driver/Src/stm32f0xx_hal.o
 .debug_macro   0x000000000000c18c       0x45 HAL_Driver/Src/stm32f0xx_hal.o
 .debug_macro   0x000000000000c1d1      0x37c HAL_Driver/Src/stm32f0xx_hal.o
 .debug_macro   0x000000000000c54d      0x156 HAL_Driver/Src/stm32f0xx_hal.o
 .debug_macro   0x000000000000c6a3      0x1d1 HAL_Driver/Src/stm32f0xx_hal.o
 .debug_macro   0x000000000000c874       0x87 HAL_Driver/Src/stm32f0xx_hal.o
 .debug_macro   0x000000000000c8fb       0x89 HAL_Driver/Src/stm32f0xx_hal.o
 .debug_macro   0x000000000000c984       0xea HAL_Driver/Src/stm32f0xx_hal.o
 .debug_macro   0x000000000000ca6e      0x3f5 HAL_Driver/Src/stm32f0xx_hal_cortex.o
 .debug_macro   0x000000000000ce63      0x3f5 HAL_Driver/Src/stm32f0xx_hal_msp_template.o
 .debug_macro   0x000000000000d258      0x407 HAL_Driver/Src/stm32f0xx_hal_rcc.o
 .debug_macro   0x000000000000d65f      0x3f5 src/main.o
 .debug_macro   0x000000000000da54      0x3ff src/stm32f0xx_it.o
 .debug_macro   0x000000000000de53      0x3f5 src/system_stm32f0xx.o

.debug_line     0x0000000000000000     0x475b
 .debug_line    0x0000000000000000      0xa6c HAL_Driver/Src/stm32f0xx_hal.o
 .debug_line    0x0000000000000a6c      0xabe HAL_Driver/Src/stm32f0xx_hal_cortex.o
 .debug_line    0x000000000000152a      0x940 HAL_Driver/Src/stm32f0xx_hal_msp_template.o
 .debug_line    0x0000000000001e6a      0xb4c HAL_Driver/Src/stm32f0xx_hal_rcc.o
 .debug_line    0x00000000000029b6      0xadc src/main.o
 .debug_line    0x0000000000003492      0x921 src/stm32f0xx_it.o
 .debug_line    0x0000000000003db3      0x92c src/system_stm32f0xx.o
 .debug_line    0x00000000000046df       0x7c startup/startup_stm32.o

.debug_str      0x0000000000000000    0x52f0f
 .debug_str     0x0000000000000000    0x526ef HAL_Driver/Src/stm32f0xx_hal.o
                                      0x52988 (size before relaxing)
 .debug_str     0x00000000000526ef      0x20e HAL_Driver/Src/stm32f0xx_hal_cortex.o
                                      0x52872 (size before relaxing)
 .debug_str     0x00000000000528fd       0x51 HAL_Driver/Src/stm32f0xx_hal_msp_template.o
                                      0x524c2 (size before relaxing)
 .debug_str     0x000000000005294e      0x3a3 HAL_Driver/Src/stm32f0xx_hal_rcc.o
                                      0x528d6 (size before relaxing)
 .debug_str     0x0000000000052cf1      0x162 src/main.o
                                      0x52853 (size before relaxing)
 .debug_str     0x0000000000052e53       0x38 src/stm32f0xx_it.o
                                      0x5248f (size before relaxing)
 .debug_str     0x0000000000052e8b       0x5a src/system_stm32f0xx.o
                                      0x52504 (size before relaxing)
 .debug_str     0x0000000000052ee5       0x2a startup/startup_stm32.o
                                         0x46 (size before relaxing)

.comment        0x0000000000000000       0x7e
 .comment       0x0000000000000000       0x7e HAL_Driver/Src/stm32f0xx_hal.o
                                         0x7f (size before relaxing)
 .comment       0x000000000000007e       0x7f HAL_Driver/Src/stm32f0xx_hal_cortex.o
 .comment       0x000000000000007e       0x7f HAL_Driver/Src/stm32f0xx_hal_msp_template.o
 .comment       0x000000000000007e       0x7f HAL_Driver/Src/stm32f0xx_hal_rcc.o
 .comment       0x000000000000007e       0x7f src/main.o
 .comment       0x000000000000007e       0x7f src/stm32f0xx_it.o
 .comment       0x000000000000007e       0x7f src/system_stm32f0xx.o

.debug_frame    0x0000000000000000      0xb10
 .debug_frame   0x0000000000000000      0x248 HAL_Driver/Src/stm32f0xx_hal.o
 .debug_frame   0x0000000000000248      0x2a0 HAL_Driver/Src/stm32f0xx_hal_cortex.o
 .debug_frame   0x00000000000004e8       0x80 HAL_Driver/Src/stm32f0xx_hal_msp_template.o
 .debug_frame   0x0000000000000568      0x194 HAL_Driver/Src/stm32f0xx_hal_rcc.o
 .debug_frame   0x00000000000006fc      0x1bc src/main.o
 .debug_frame   0x00000000000008b8       0x2c src/stm32f0xx_it.o
 .debug_frame   0x00000000000008e4       0x4c src/system_stm32f0xx.o
 .debug_frame   0x0000000000000930       0x20 /home/me/Ac6/SystemWorkbench/plugins/fr.ac6.mcu.externaltools.arm-none.linux64_1.16.0.201807130628/tools/compiler/bin/../lib/gcc/arm-none-eabi/7.2.1/thumb/v6-m/libgcc.a(_udivsi3.o)
 .debug_frame   0x0000000000000950       0x2c /home/me/Ac6/SystemWorkbench/plugins/fr.ac6.mcu.externaltools.arm-none.linux64_1.16.0.201807130628/tools/compiler/bin/../lib/gcc/arm-none-eabi/7.2.1/../../../../arm-none-eabi/lib/thumb/v6-m/libc.a(lib_a-init.o)
 .debug_frame   0x000000000000097c       0x54 /home/me/Ac6/SystemWorkbench/plugins/fr.ac6.mcu.externaltools.arm-none.linux64_1.16.0.201807130628/tools/compiler/bin/../lib/gcc/arm-none-eabi/7.2.1/../../../../arm-none-eabi/lib/thumb/v6-m/libc.a(lib_a-__call_atexit.o)
 .debug_frame   0x00000000000009d0       0x28 /home/me/Ac6/SystemWorkbench/plugins/fr.ac6.mcu.externaltools.arm-none.linux64_1.16.0.201807130628/tools/compiler/bin/../lib/gcc/arm-none-eabi/7.2.1/../../../../arm-none-eabi/lib/thumb/v6-m/libc.a(lib_a-atexit.o)
 .debug_frame   0x00000000000009f8       0x2c /home/me/Ac6/SystemWorkbench/plugins/fr.ac6.mcu.externaltools.arm-none.linux64_1.16.0.201807130628/tools/compiler/bin/../lib/gcc/arm-none-eabi/7.2.1/../../../../arm-none-eabi/lib/thumb/v6-m/libc.a(lib_a-fini.o)
 .debug_frame   0x0000000000000a24       0xb0 /home/me/Ac6/SystemWorkbench/plugins/fr.ac6.mcu.externaltools.arm-none.linux64_1.16.0.201807130628/tools/compiler/bin/../lib/gcc/arm-none-eabi/7.2.1/../../../../arm-none-eabi/lib/thumb/v6-m/libc.a(lib_a-lock.o)
 .debug_frame   0x0000000000000ad4       0x3c /home/me/Ac6/SystemWorkbench/plugins/fr.ac6.mcu.externaltools.arm-none.linux64_1.16.0.201807130628/tools/compiler/bin/../lib/gcc/arm-none-eabi/7.2.1/../../../../arm-none-eabi/lib/thumb/v6-m/libc.a(lib_a-__atexit.o)
